Archive member included to satisfy reference by file (symbol)

c:/program files (x86)/gnu arm embedded toolchain/10 2021.10/bin/../lib/gcc/arm-none-eabi/10.3.1/thumb/v6-m/nofp\libgcc.a(_thumb1_case_uqi.o)
                              ./Library/Library/usbd.o (__gnu_thumb1_case_uqi)
c:/program files (x86)/gnu arm embedded toolchain/10 2021.10/bin/../lib/gcc/arm-none-eabi/10.3.1/thumb/v6-m/nofp\libgcc.a(_udivsi3.o)
                              ./User/cdc_serial.o (__aeabi_uidiv)
c:/program files (x86)/gnu arm embedded toolchain/10 2021.10/bin/../lib/gcc/arm-none-eabi/10.3.1/thumb/v6-m/nofp\libgcc.a(_divsi3.o)
                              ./Library/Library/clk.o (__aeabi_idiv)
c:/program files (x86)/gnu arm embedded toolchain/10 2021.10/bin/../lib/gcc/arm-none-eabi/10.3.1/thumb/v6-m/nofp\libgcc.a(_dvmd_tls.o)
                              c:/program files (x86)/gnu arm embedded toolchain/10 2021.10/bin/../lib/gcc/arm-none-eabi/10.3.1/thumb/v6-m/nofp\libgcc.a(_udivsi3.o) (__aeabi_idiv0)
c:/program files (x86)/gnu arm embedded toolchain/10 2021.10/bin/../lib/gcc/arm-none-eabi/10.3.1/../../../../arm-none-eabi/lib/thumb/v6-m/nofp\libg_nano.a(lib_a-errno.o)
                              ./CMSIS/CMSIS/GCC/_syscalls.o (__errno)
c:/program files (x86)/gnu arm embedded toolchain/10 2021.10/bin/../lib/gcc/arm-none-eabi/10.3.1/../../../../arm-none-eabi/lib/thumb/v6-m/nofp\libg_nano.a(lib_a-exit.o)
                              c:/program files (x86)/gnu arm embedded toolchain/10 2021.10/bin/../lib/gcc/arm-none-eabi/10.3.1/../../../../arm-none-eabi/lib/thumb/v6-m/nofp/crt0.o (exit)
c:/program files (x86)/gnu arm embedded toolchain/10 2021.10/bin/../lib/gcc/arm-none-eabi/10.3.1/../../../../arm-none-eabi/lib/thumb/v6-m/nofp\libg_nano.a(lib_a-impure.o)
                              c:/program files (x86)/gnu arm embedded toolchain/10 2021.10/bin/../lib/gcc/arm-none-eabi/10.3.1/../../../../arm-none-eabi/lib/thumb/v6-m/nofp\libg_nano.a(lib_a-exit.o) (_global_impure_ptr)
c:/program files (x86)/gnu arm embedded toolchain/10 2021.10/bin/../lib/gcc/arm-none-eabi/10.3.1/../../../../arm-none-eabi/lib/thumb/v6-m/nofp\libg_nano.a(lib_a-init.o)
                              c:/program files (x86)/gnu arm embedded toolchain/10 2021.10/bin/../lib/gcc/arm-none-eabi/10.3.1/../../../../arm-none-eabi/lib/thumb/v6-m/nofp/crt0.o (__libc_init_array)
c:/program files (x86)/gnu arm embedded toolchain/10 2021.10/bin/../lib/gcc/arm-none-eabi/10.3.1/../../../../arm-none-eabi/lib/thumb/v6-m/nofp\libg_nano.a(lib_a-memset.o)
                              c:/program files (x86)/gnu arm embedded toolchain/10 2021.10/bin/../lib/gcc/arm-none-eabi/10.3.1/../../../../arm-none-eabi/lib/thumb/v6-m/nofp/crt0.o (memset)
c:/program files (x86)/gnu arm embedded toolchain/10 2021.10/bin/../lib/gcc/arm-none-eabi/10.3.1/../../../../arm-none-eabi/lib/thumb/v6-m/nofp\libg_nano.a(lib_a-puts.o)
                              ./User/main.o (puts)
c:/program files (x86)/gnu arm embedded toolchain/10 2021.10/bin/../lib/gcc/arm-none-eabi/10.3.1/../../../../arm-none-eabi/lib/thumb/v6-m/nofp\libg_nano.a(lib_a-wbuf.o)
                              c:/program files (x86)/gnu arm embedded toolchain/10 2021.10/bin/../lib/gcc/arm-none-eabi/10.3.1/../../../../arm-none-eabi/lib/thumb/v6-m/nofp\libg_nano.a(lib_a-puts.o) (__swbuf_r)
c:/program files (x86)/gnu arm embedded toolchain/10 2021.10/bin/../lib/gcc/arm-none-eabi/10.3.1/../../../../arm-none-eabi/lib/thumb/v6-m/nofp\libg_nano.a(lib_a-wsetup.o)
                              c:/program files (x86)/gnu arm embedded toolchain/10 2021.10/bin/../lib/gcc/arm-none-eabi/10.3.1/../../../../arm-none-eabi/lib/thumb/v6-m/nofp\libg_nano.a(lib_a-puts.o) (__swsetup_r)
c:/program files (x86)/gnu arm embedded toolchain/10 2021.10/bin/../lib/gcc/arm-none-eabi/10.3.1/../../../../arm-none-eabi/lib/thumb/v6-m/nofp\libg_nano.a(lib_a-fflush.o)
                              c:/program files (x86)/gnu arm embedded toolchain/10 2021.10/bin/../lib/gcc/arm-none-eabi/10.3.1/../../../../arm-none-eabi/lib/thumb/v6-m/nofp\libg_nano.a(lib_a-wbuf.o) (_fflush_r)
c:/program files (x86)/gnu arm embedded toolchain/10 2021.10/bin/../lib/gcc/arm-none-eabi/10.3.1/../../../../arm-none-eabi/lib/thumb/v6-m/nofp\libg_nano.a(lib_a-findfp.o)
                              c:/program files (x86)/gnu arm embedded toolchain/10 2021.10/bin/../lib/gcc/arm-none-eabi/10.3.1/../../../../arm-none-eabi/lib/thumb/v6-m/nofp\libg_nano.a(lib_a-puts.o) (__sinit)
c:/program files (x86)/gnu arm embedded toolchain/10 2021.10/bin/../lib/gcc/arm-none-eabi/10.3.1/../../../../arm-none-eabi/lib/thumb/v6-m/nofp\libg_nano.a(lib_a-fwalk.o)
                              c:/program files (x86)/gnu arm embedded toolchain/10 2021.10/bin/../lib/gcc/arm-none-eabi/10.3.1/../../../../arm-none-eabi/lib/thumb/v6-m/nofp\libg_nano.a(lib_a-findfp.o) (_fwalk)
[...]
Memory Configuration

Name             Origin             Length             Attributes
FLASH            0x00000000         0x00008000         xr
RAM              0x20000000         0x00002000         xrw
*default*        0x00000000         0xffffffff

Linker script and memory map

LOAD c:/program files (x86)/gnu arm embedded toolchain/10 2021.10/bin/../lib/gcc/arm-none-eabi/10.3.1/thumb/v6-m/nofp/crti.o
LOAD c:/program files (x86)/gnu arm embedded toolchain/10 2021.10/bin/../lib/gcc/arm-none-eabi/10.3.1/thumb/v6-m/nofp/crtbegin.o
LOAD c:/program files (x86)/gnu arm embedded toolchain/10 2021.10/bin/../lib/gcc/arm-none-eabi/10.3.1/../../../../arm-none-eabi/lib/thumb/v6-m/nofp/crt0.o
LOAD ./User/cdc_serial.o
LOAD ./User/descriptors.o
LOAD ./User/main.o
LOAD ./Library/Library/clk.o
LOAD ./Library/Library/retarget.o
LOAD ./Library/Library/sys.o
LOAD ./Library/Library/uart.o
LOAD ./Library/Library/usbd.o
LOAD ./CMSIS/CMSIS/GCC/_syscalls.o
LOAD ./CMSIS/CMSIS/GCC/startup_NUC121.o
LOAD ./CMSIS/CMSIS/system_NUC121.o
START GROUP
LOAD c:/program files (x86)/gnu arm embedded toolchain/10 2021.10/bin/../lib/gcc/arm-none-eabi/10.3.1/thumb/v6-m/nofp\libgcc.a
LOAD c:/program files (x86)/gnu arm embedded toolchain/10 2021.10/bin/../lib/gcc/arm-none-eabi/10.3.1/../../../../arm-none-eabi/lib/thumb/v6-m/nofp\libg_nano.a
LOAD c:/program files (x86)/gnu arm embedded toolchain/10 2021.10/bin/../lib/gcc/arm-none-eabi/10.3.1/../../../../arm-none-eabi/lib/thumb/v6-m/nofp\libc_nano.a
END GROUP
START GROUP
LOAD c:/program files (x86)/gnu arm embedded toolchain/10 2021.10/bin/../lib/gcc/arm-none-eabi/10.3.1/thumb/v6-m/nofp\libgcc.a
LOAD c:/program files (x86)/gnu arm embedded toolchain/10 2021.10/bin/../lib/gcc/arm-none-eabi/10.3.1/../../../../arm-none-eabi/lib/thumb/v6-m/nofp\libc_nano.a
END GROUP
LOAD c:/program files (x86)/gnu arm embedded toolchain/10 2021.10/bin/../lib/gcc/arm-none-eabi/10.3.1/thumb/v6-m/nofp/crtend.o
LOAD c:/program files (x86)/gnu arm embedded toolchain/10 2021.10/bin/../lib/gcc/arm-none-eabi/10.3.1/thumb/v6-m/nofp/crtn.o
START GROUP
LOAD c:/program files (x86)/gnu arm embedded toolchain/10 2021.10/bin/../lib/gcc/arm-none-eabi/10.3.1/thumb/v6-m/nofp\libgcc.a
LOAD c:/program files (x86)/gnu arm embedded toolchain/10 2021.10/bin/../lib/gcc/arm-none-eabi/10.3.1/../../../../arm-none-eabi/lib/thumb/v6-m/nofp\libc.a
LOAD c:/program files (x86)/gnu arm embedded toolchain/10 2021.10/bin/../lib/gcc/arm-none-eabi/10.3.1/../../../../arm-none-eabi/lib/thumb/v6-m/nofp\libm.a
LOAD c:/program files (x86)/gnu arm embedded toolchain/10 2021.10/bin/../lib/gcc/arm-none-eabi/10.3.1/../../../../arm-none-eabi/lib/thumb/v6-m/nofp\libnosys.a
END GROUP

.text           0x00000000     0x2160
 *(.vectors)
 .vectors       0x00000000       0xc0 ./CMSIS/CMSIS/GCC/startup_NUC121.o
                0x00000000                __Vectors
                0x000000c0                __Vectors_End = .
                0x000000c0                __Vectors_Size = (__Vectors_End - __Vectors)
                0x20000580                __end__ = .
 *(.text*)
 .text          0x000000c0       0x48 c:/program files (x86)/gnu arm embedded toolchain/10 2021.10/bin/../lib/gcc/arm-none-eabi/10.3.1/thumb/v6-m/nofp/crtbegin.o
 .text          0x00000108       0x80 c:/program files (x86)/gnu arm embedded toolchain/10 2021.10/bin/../lib/gcc/arm-none-eabi/10.3.1/../../../../arm-none-eabi/lib/thumb/v6-m/nofp/crt0.o
                0x00000108                _stack_init
                0x00000114                _start
                0x00000114                _mainCRTStartup
 .text.USBD_SetStall
                0x00000188       0x30 ./User/cdc_serial.o
 .text.VCOM_LineCoding.part.0
                0x000001b8       0xdc ./User/cdc_serial.o
 .text.EP3_Handler
                0x00000294       0x5c ./User/cdc_serial.o
                0x00000294                EP3_Handler
 .text.USBD_IRQHandler
                0x000002f0      0x118 ./User/cdc_serial.o
                0x000002f0                USBD_IRQHandler
 .text.VCOM_Init
                0x00000408       0x7c ./User/cdc_serial.o
                0x00000408                VCOM_Init
 .text.VCOM_ClassRequest
                0x00000484       0xbc ./User/cdc_serial.o
                0x00000484                VCOM_ClassRequest
 .text.SYS_Init
                0x00000540       0x5c ./User/main.o
                0x00000540                SYS_Init
 .text.UART0_Init
                0x0000059c       0x38 ./User/main.o
                0x0000059c                UART0_Init
 .text.UART0_IRQHandler
                0x000005d4       0xc8 ./User/main.o
                0x000005d4                UART0_IRQHandler
 .text.VCOM_TransferData
                0x0000069c      0x188 ./User/main.o
                0x0000069c                VCOM_TransferData
 .text.startup.main
                0x00000824      0x104 ./User/main.o
                0x00000824                main
 .text.CLK_SetModuleClock
                0x00000928       0x60 ./Library/Library/clk.o
                0x00000928                CLK_SetModuleClock
 .text.CLK_EnableXtalRC
                0x00000988       0x18 ./Library/Library/clk.o
                0x00000988                CLK_EnableXtalRC
 .text.CLK_EnableModuleClock
                0x000009a0       0x30 ./Library/Library/clk.o
                0x000009a0                CLK_EnableModuleClock
 .text.CLK_WaitClockReady
                0x000009d0       0x40 ./Library/Library/clk.o
                0x000009d0                CLK_WaitClockReady
 .text.CLK_SetHCLK
                0x00000a10       0x4c ./Library/Library/clk.o
                0x00000a10                CLK_SetHCLK
 .text.HardFault_Handler
                0x00000a5c       0x18 ./Library/Library/retarget.o
                0x00000a5c                HardFault_Handler
 .text.ProcessHardFault
                0x00000a74        0x2 ./Library/Library/retarget.o
                0x00000a74                ProcessHardFault
 *fill*         0x00000a76        0x2 
 .text._write   0x00000a78       0x38 ./Library/Library/retarget.o
                0x00000a78                _write
 .text._read    0x00000ab0       0x18 ./Library/Library/retarget.o
                0x00000ab0                _read
 .text.USBD_MemCopy
                0x00000ac8       0x12 ./Library/Library/usbd.o
 *fill*         0x00000ada        0x2 
 .text.USBD_Open
                0x00000adc       0x3c ./Library/Library/usbd.o
                0x00000adc                USBD_Open
 .text.USBD_Start
                0x00000b18       0x50 ./Library/Library/usbd.o
                0x00000b18                USBD_Start
 .text.USBD_GetSetupPacket
                0x00000b68       0x10 ./Library/Library/usbd.o
                0x00000b68                USBD_GetSetupPacket
 .text.USBD_PrepareCtrlIn
                0x00000b78       0x84 ./Library/Library/usbd.o
                0x00000b78                USBD_PrepareCtrlIn
 .text.USBD_GetDescriptor
                0x00000bfc      0x108 ./Library/Library/usbd.o
                0x00000bfc                USBD_GetDescriptor
 .text.USBD_CtrlIn
                0x00000d04       0xb4 ./Library/Library/usbd.o
                0x00000d04                USBD_CtrlIn
 .text.USBD_PrepareCtrlOut
                0x00000db8       0x2c ./Library/Library/usbd.o
                0x00000db8                USBD_PrepareCtrlOut
 .text.USBD_StandardRequest
                0x00000de4      0x22c ./Library/Library/usbd.o
                0x00000de4                USBD_StandardRequest
 .text.USBD_ProcessSetupPacket
                0x00001010       0x78 ./Library/Library/usbd.o
                0x00001010                USBD_ProcessSetupPacket
 .text.USBD_CtrlOut
                0x00001088       0x90 ./Library/Library/usbd.o
                0x00001088                USBD_CtrlOut
 .text.USBD_SwReset
                0x00001118       0x68 ./Library/Library/usbd.o
                0x00001118                USBD_SwReset
 .text._close   0x00001180       0x10 ./CMSIS/CMSIS/GCC/_syscalls.o
                0x00001180                _close
 .text._fstat   0x00001190       0x10 ./CMSIS/CMSIS/GCC/_syscalls.o
                0x00001190                _fstat
 .text._isatty  0x000011a0        0xe ./CMSIS/CMSIS/GCC/_syscalls.o
                0x000011a0                _isatty
 .text._lseek   0x000011ae       0x10 ./CMSIS/CMSIS/GCC/_syscalls.o
                0x000011ae                _lseek
 *fill*         0x000011be        0x2 
 .text          0x000011c0       0x5c ./CMSIS/CMSIS/GCC/startup_NUC121.o
                0x000011c0                Reset_Handler
                0x00001218                SysTick_Handler
                0x00001218                PWM1_IRQHandler
                0x00001218                PendSV_Handler
                0x00001218                NMI_Handler
                0x00001218                I2C1_IRQHandler
                0x00001218                EINT135_IRQHandler
                0x00001218                TMR0_IRQHandler
                0x00001218                EINT024_IRQHandler
                0x00001218                PWRWU_IRQHandler
                0x00001218                I2C0_IRQHandler
                0x00001218                BPWM1_IRQHandler
                0x00001218                Default_Handler
                0x00001218                ADC_IRQHandler
                0x00001218                TMR2_IRQHandler
                0x00001218                USCI_IRQHandler
                0x00001218                BPWM0_IRQHandler
                0x00001218                BOD_IRQHandler
                0x00001218                WDT_IRQHandler
                0x00001218                SVC_Handler
                0x00001218                PDMA_IRQHandler
                0x00001218                GPAB_IRQHandler
                0x00001218                PWM0_IRQHandler
                0x00001218                PWM_BRAKE_IRQHandler
                0x00001218                TMR3_IRQHandler
                0x00001218                GPCDEF_IRQHandler
                0x00001218                SPI0_IRQHandler
                0x00001218                TMR1_IRQHandler
                0x00001218                CLKDIRC_IRQHandler
 .text.SystemCoreClockUpdate
                0x0000121c       0xa8 ./CMSIS/CMSIS/system_NUC121.o
                0x0000121c                SystemCoreClockUpdate
 .text          0x000012c4       0x14 c:/program files (x86)/gnu arm embedded toolchain/10 2021.10/bin/../lib/gcc/arm-none-eabi/10.3.1/thumb/v6-m/nofp\libgcc.a(_thumb1_case_uqi.o)
                0x000012c4                __gnu_thumb1_case_uqi
 .text          0x000012d8      0x114 c:/program files (x86)/gnu arm embedded toolchain/10 2021.10/bin/../lib/gcc/arm-none-eabi/10.3.1/thumb/v6-m/nofp\libgcc.a(_udivsi3.o)
                0x000012d8                __aeabi_uidiv
                0x000012d8                __udivsi3
                0x000013e4                __aeabi_uidivmod
 .text          0x000013ec        0x4 c:/program files (x86)/gnu arm embedded toolchain/10 2021.10/bin/../lib/gcc/arm-none-eabi/10.3.1/thumb/v6-m/nofp\libgcc.a(_dvmd_tls.o)
                0x000013ec                __aeabi_idiv0
                0x000013ec                __aeabi_ldiv0
 .text.__errno  0x000013f0        0xc c:/program files (x86)/gnu arm embedded toolchain/10 2021.10/bin/../lib/gcc/arm-none-eabi/10.3.1/../../../../arm-none-eabi/lib/thumb/v6-m/nofp\libg_nano.a(lib_a-errno.o)
                0x000013f0                __errno
 .text.exit     0x000013fc       0x2c c:/program files (x86)/gnu arm embedded toolchain/10 2021.10/bin/../lib/gcc/arm-none-eabi/10.3.1/../../../../arm-none-eabi/lib/thumb/v6-m/nofp\libg_nano.a(lib_a-exit.o)
                0x000013fc                exit
 .text.__libc_init_array
                0x00001428       0x48 c:/program files (x86)/gnu arm embedded toolchain/10 2021.10/bin/../lib/gcc/arm-none-eabi/10.3.1/../../../../arm-none-eabi/lib/thumb/v6-m/nofp\libg_nano.a(lib_a-init.o)
                0x00001428                __libc_init_array
 .text.memset   0x00001470       0x10 c:/program files (x86)/gnu arm embedded toolchain/10 2021.10/bin/../lib/gcc/arm-none-eabi/10.3.1/../../../../arm-none-eabi/lib/thumb/v6-m/nofp\libg_nano.a(lib_a-memset.o)
                0x00001470                memset
 .text._puts_r  0x00001480       0xe4 c:/program files (x86)/gnu arm embedded toolchain/10 2021.10/bin/../lib/gcc/arm-none-eabi/10.3.1/../../../../arm-none-eabi/lib/thumb/v6-m/nofp\libg_nano.a(lib_a-puts.o)
                0x00001480                _puts_r
 .text.puts     0x00001564       0x14 c:/program files (x86)/gnu arm embedded toolchain/10 2021.10/bin/../lib/gcc/arm-none-eabi/10.3.1/../../../../arm-none-eabi/lib/thumb/v6-m/nofp\libg_nano.a(lib_a-puts.o)
                0x00001564                puts
 .text.__swbuf_r
                0x00001578       0xac c:/program files (x86)/gnu arm embedded toolchain/10 2021.10/bin/../lib/gcc/arm-none-eabi/10.3.1/../../../../arm-none-eabi/lib/thumb/v6-m/nofp\libg_nano.a(lib_a-wbuf.o)
                0x00001578                __swbuf_r
 .text.__swsetup_r
                0x00001624       0xf0 c:/program files (x86)/gnu arm embedded toolchain/10 2021.10/bin/../lib/gcc/arm-none-eabi/10.3.1/../../../../arm-none-eabi/lib/thumb/v6-m/nofp\libg_nano.a(lib_a-wsetup.o)
                0x00001624                __swsetup_r
 .text.__sflush_r
                0x00001714      0x118 c:/program files (x86)/gnu arm embedded toolchain/10 2021.10/bin/../lib/gcc/arm-none-eabi/10.3.1/../../../../arm-none-eabi/lib/thumb/v6-m/nofp\libg_nano.a(lib_a-fflush.o)
                0x00001714                __sflush_r
 .text._fflush_r
                0x0000182c       0x80 c:/program files (x86)/gnu arm embedded toolchain/10 2021.10/bin/../lib/gcc/arm-none-eabi/10.3.1/../../../../arm-none-eabi/lib/thumb/v6-m/nofp\libg_nano.a(lib_a-fflush.o)
                0x0000182c                _fflush_r
 .text.std      0x000018ac       0x48 c:/program files (x86)/gnu arm embedded toolchain/10 2021.10/bin/../lib/gcc/arm-none-eabi/10.3.1/../../../../arm-none-eabi/lib/thumb/v6-m/nofp\libg_nano.a(lib_a-findfp.o)
 .text._cleanup_r
                0x000018f4       0x10 c:/program files (x86)/gnu arm embedded toolchain/10 2021.10/bin/../lib/gcc/arm-none-eabi/10.3.1/../../../../arm-none-eabi/lib/thumb/v6-m/nofp\libg_nano.a(lib_a-findfp.o)
                0x000018f4                _cleanup_r
 .text.__sfmoreglue
                0x00001904       0x2c c:/program files (x86)/gnu arm embedded toolchain/10 2021.10/bin/../lib/gcc/arm-none-eabi/10.3.1/../../../../arm-none-eabi/lib/thumb/v6-m/nofp\libg_nano.a(lib_a-findfp.o)
                0x00001904                __sfmoreglue
 .text.__sfp_lock_acquire
                0x00001930       0x10 c:/program files (x86)/gnu arm embedded toolchain/10 2021.10/bin/../lib/gcc/arm-none-eabi/10.3.1/../../../../arm-none-eabi/lib/thumb/v6-m/nofp\libg_nano.a(lib_a-findfp.o)
                0x00001930                __sfp_lock_acquire
 .text.__sfp_lock_release
                0x00001940       0x10 c:/program files (x86)/gnu arm embedded toolchain/10 2021.10/bin/../lib/gcc/arm-none-eabi/10.3.1/../../../../arm-none-eabi/lib/thumb/v6-m/nofp\libg_nano.a(lib_a-findfp.o)
                0x00001940                __sfp_lock_release
 .text.__sinit_lock_acquire
                0x00001950       0x10 c:/program files (x86)/gnu arm embedded toolchain/10 2021.10/bin/../lib/gcc/arm-none-eabi/10.3.1/../../../../arm-none-eabi/lib/thumb/v6-m/nofp\libg_nano.a(lib_a-findfp.o)
                0x00001950                __sinit_lock_acquire
 .text.__sinit_lock_release
                0x00001960       0x10 c:/program files (x86)/gnu arm embedded toolchain/10 2021.10/bin/../lib/gcc/arm-none-eabi/10.3.1/../../../../arm-none-eabi/lib/thumb/v6-m/nofp\libg_nano.a(lib_a-findfp.o)
                0x00001960                __sinit_lock_release
 .text.__sinit  0x00001970       0x70 c:/program files (x86)/gnu arm embedded toolchain/10 2021.10/bin/../lib/gcc/arm-none-eabi/10.3.1/../../../../arm-none-eabi/lib/thumb/v6-m/nofp\libg_nano.a(lib_a-findfp.o)
                0x00001970                __sinit
 .text.__sfp    0x000019e0       0x90 c:/program files (x86)/gnu arm embedded toolchain/10 2021.10/bin/../lib/gcc/arm-none-eabi/10.3.1/../../../../arm-none-eabi/lib/thumb/v6-m/nofp\libg_nano.a(lib_a-findfp.o)
                0x000019e0                __sfp
 .text._fwalk_reent
                0x00001a70       0x40 c:/program files (x86)/gnu arm embedded toolchain/10 2021.10/bin/../lib/gcc/arm-none-eabi/10.3.1/../../../../arm-none-eabi/lib/thumb/v6-m/nofp\libg_nano.a(lib_a-fwalk.o)
                0x00001a70                _fwalk_reent
 .text.__retarget_lock_init_recursive
                0x00001ab0        0x2 c:/program files (x86)/gnu arm embedded toolchain/10 2021.10/bin/../lib/gcc/arm-none-eabi/10.3.1/../../../../arm-none-eabi/lib/thumb/v6-m/nofp\libg_nano.a(lib_a-lock.o)
                0x00001ab0                __retarget_lock_init_recursive
 .text.__retarget_lock_acquire_recursive
                0x00001ab2        0x2 c:/program files (x86)/gnu arm embedded toolchain/10 2021.10/bin/../lib/gcc/arm-none-eabi/10.3.1/../../../../arm-none-eabi/lib/thumb/v6-m/nofp\libg_nano.a(lib_a-lock.o)
                0x00001ab2                __retarget_lock_acquire_recursive
 .text.__retarget_lock_release_recursive
                0x00001ab4        0x2 c:/program files (x86)/gnu arm embedded toolchain/10 2021.10/bin/../lib/gcc/arm-none-eabi/10.3.1/../../../../arm-none-eabi/lib/thumb/v6-m/nofp\libg_nano.a(lib_a-lock.o)
                0x00001ab4                __retarget_lock_release_recursive
 *fill*         0x00001ab6        0x2 
 .text.__swhatbuf_r
                0x00001ab8       0x50 c:/program files (x86)/gnu arm embedded toolchain/10 2021.10/bin/../lib/gcc/arm-none-eabi/10.3.1/../../../../arm-none-eabi/lib/thumb/v6-m/nofp\libg_nano.a(lib_a-makebuf.o)
                0x00001ab8                __swhatbuf_r
 .text.__smakebuf_r
                0x00001b08       0x88 c:/program files (x86)/gnu arm embedded toolchain/10 2021.10/bin/../lib/gcc/arm-none-eabi/10.3.1/../../../../arm-none-eabi/lib/thumb/v6-m/nofp\libg_nano.a(lib_a-makebuf.o)
                0x00001b08                __smakebuf_r
 .text._free_r  0x00001b90       0x94 c:/program files (x86)/gnu arm embedded toolchain/10 2021.10/bin/../lib/gcc/arm-none-eabi/10.3.1/../../../../arm-none-eabi/lib/thumb/v6-m/nofp\libg_nano.a(lib_a-nano-freer.o)
                0x00001b90                _free_r
 .text.sbrk_aligned
                0x00001c24       0x44 c:/program files (x86)/gnu arm embedded toolchain/10 2021.10/bin/../lib/gcc/arm-none-eabi/10.3.1/../../../../arm-none-eabi/lib/thumb/v6-m/nofp\libg_nano.a(lib_a-nano-mallocr.o)
 .text._malloc_r
                0x00001c68       0xec c:/program files (x86)/gnu arm embedded toolchain/10 2021.10/bin/../lib/gcc/arm-none-eabi/10.3.1/../../../../arm-none-eabi/lib/thumb/v6-m/nofp\libg_nano.a(lib_a-nano-mallocr.o)
                0x00001c68                _malloc_r
 .text._sbrk_r  0x00001d54       0x24 c:/program files (x86)/gnu arm embedded toolchain/10 2021.10/bin/../lib/gcc/arm-none-eabi/10.3.1/../../../../arm-none-eabi/lib/thumb/v6-m/nofp\libg_nano.a(lib_a-sbrkr.o)
                0x00001d54                _sbrk_r
 .text.__sread  0x00001d78       0x28 c:/program files (x86)/gnu arm embedded toolchain/10 2021.10/bin/../lib/gcc/arm-none-eabi/10.3.1/../../../../arm-none-eabi/lib/thumb/v6-m/nofp\libg_nano.a(lib_a-stdio.o)
                0x00001d78                __sread
 .text.__swrite
                0x00001da0       0x38 c:/program files (x86)/gnu arm embedded toolchain/10 2021.10/bin/../lib/gcc/arm-none-eabi/10.3.1/../../../../arm-none-eabi/lib/thumb/v6-m/nofp\libg_nano.a(lib_a-stdio.o)
                0x00001da0                __swrite
 .text.__sseek  0x00001dd8       0x2c c:/program files (x86)/gnu arm embedded toolchain/10 2021.10/bin/../lib/gcc/arm-none-eabi/10.3.1/../../../../arm-none-eabi/lib/thumb/v6-m/nofp\libg_nano.a(lib_a-stdio.o)
                0x00001dd8                __sseek
 .text.__sclose
                0x00001e04        0xc c:/program files (x86)/gnu arm embedded toolchain/10 2021.10/bin/../lib/gcc/arm-none-eabi/10.3.1/../../../../arm-none-eabi/lib/thumb/v6-m/nofp\libg_nano.a(lib_a-stdio.o)
                0x00001e04                __sclose
 .text._write_r
                0x00001e10       0x28 c:/program files (x86)/gnu arm embedded toolchain/10 2021.10/bin/../lib/gcc/arm-none-eabi/10.3.1/../../../../arm-none-eabi/lib/thumb/v6-m/nofp\libg_nano.a(lib_a-writer.o)
                0x00001e10                _write_r
 .text._close_r
                0x00001e38       0x24 c:/program files (x86)/gnu arm embedded toolchain/10 2021.10/bin/../lib/gcc/arm-none-eabi/10.3.1/../../../../arm-none-eabi/lib/thumb/v6-m/nofp\libg_nano.a(lib_a-closer.o)
                0x00001e38                _close_r
 .text._fstat_r
                0x00001e5c       0x24 c:/program files (x86)/gnu arm embedded toolchain/10 2021.10/bin/../lib/gcc/arm-none-eabi/10.3.1/../../../../arm-none-eabi/lib/thumb/v6-m/nofp\libg_nano.a(lib_a-fstatr.o)
                0x00001e5c                _fstat_r
 .text._isatty_r
                0x00001e80       0x24 c:/program files (x86)/gnu arm embedded toolchain/10 2021.10/bin/../lib/gcc/arm-none-eabi/10.3.1/../../../../arm-none-eabi/lib/thumb/v6-m/nofp\libg_nano.a(lib_a-isattyr.o)
                0x00001e80                _isatty_r
 .text._lseek_r
                0x00001ea4       0x28 c:/program files (x86)/gnu arm embedded toolchain/10 2021.10/bin/../lib/gcc/arm-none-eabi/10.3.1/../../../../arm-none-eabi/lib/thumb/v6-m/nofp\libg_nano.a(lib_a-lseekr.o)
                0x00001ea4                _lseek_r
 .text.__malloc_lock
                0x00001ecc       0x10 c:/program files (x86)/gnu arm embedded toolchain/10 2021.10/bin/../lib/gcc/arm-none-eabi/10.3.1/../../../../arm-none-eabi/lib/thumb/v6-m/nofp\libg_nano.a(lib_a-mlock.o)
                0x00001ecc                __malloc_lock
 .text.__malloc_unlock
                0x00001edc       0x10 c:/program files (x86)/gnu arm embedded toolchain/10 2021.10/bin/../lib/gcc/arm-none-eabi/10.3.1/../../../../arm-none-eabi/lib/thumb/v6-m/nofp\libg_nano.a(lib_a-mlock.o)
                0x00001edc                __malloc_unlock
 .text._read_r  0x00001eec       0x28 c:/program files (x86)/gnu arm embedded toolchain/10 2021.10/bin/../lib/gcc/arm-none-eabi/10.3.1/../../../../arm-none-eabi/lib/thumb/v6-m/nofp\libg_nano.a(lib_a-readr.o)
                0x00001eec                _read_r
 .text._sbrk    0x00001f14       0x1c c:/program files (x86)/gnu arm embedded toolchain/10 2021.10/bin/../lib/gcc/arm-none-eabi/10.3.1/../../../../arm-none-eabi/lib/thumb/v6-m/nofp\libnosys.a(sbrk.o)
                0x00001f14                _sbrk
 .text._exit    0x00001f30        0x4 c:/program files (x86)/gnu arm embedded toolchain/10 2021.10/bin/../lib/gcc/arm-none-eabi/10.3.1/../../../../arm-none-eabi/lib/thumb/v6-m/nofp\libnosys.a(_exit.o)
                0x00001f30                _exit
 *(.init)
 .init          0x00001f34        0x4 c:/program files (x86)/gnu arm embedded toolchain/10 2021.10/bin/../lib/gcc/arm-none-eabi/10.3.1/thumb/v6-m/nofp/crti.o
                0x00001f34                _init
 .init          0x00001f38        0x8 c:/program files (x86)/gnu arm embedded toolchain/10 2021.10/bin/../lib/gcc/arm-none-eabi/10.3.1/thumb/v6-m/nofp/crtn.o
 *(.fini)
 .fini          0x00001f40        0x4 c:/program files (x86)/gnu arm embedded toolchain/10 2021.10/bin/../lib/gcc/arm-none-eabi/10.3.1/thumb/v6-m/nofp/crti.o
                0x00001f40                _fini
 .fini          0x00001f44        0x8 c:/program files (x86)/gnu arm embedded toolchain/10 2021.10/bin/../lib/gcc/arm-none-eabi/10.3.1/thumb/v6-m/nofp/crtn.o
 *crtbegin.o(.ctors)
 *crtbegin?.o(.ctors)
 *(EXCLUDE_FILE(*crtend.o *crtend?.o) .ctors)
 *(SORT_BY_NAME(.ctors.*))
 *(.ctors)
 *crtbegin.o(.dtors)
 *crtbegin?.o(.dtors)
 *(EXCLUDE_FILE(*crtend.o *crtend?.o) .dtors)
 *(SORT_BY_NAME(.dtors.*))
 *(.dtors)
 *(.rodata*)
 .rodata.gsInfo
                0x00001f4c       0x1c ./User/descriptors.o
                0x00001f4c                gsInfo
 .rodata.gu8ConfigDescriptor
                0x00001f68       0x43 ./User/descriptors.o
                0x00001f68                gu8ConfigDescriptor
 .rodata.gu8DeviceDescriptor
                0x00001fab       0x12 ./User/descriptors.o
                0x00001fab                gu8DeviceDescriptor
 .rodata.gu8ProductStringDesc
                0x00001fbd       0x20 ./User/descriptors.o
                0x00001fbd                gu8ProductStringDesc
 .rodata.gu8StringLang
                0x00001fdd        0x4 ./User/descriptors.o
                0x00001fdd                gu8StringLang
 .rodata.gu8StringSerial
                0x00001fe1       0x1a ./User/descriptors.o
                0x00001fe1                gu8StringSerial
 .rodata.gu8VendorStringDesc
                0x00001ffb       0x10 ./User/descriptors.o
                0x00001ffb                gu8VendorStringDesc
 .rodata.main.str1.1
                0x0000200b       0xb0 ./User/main.o
 *fill*         0x000020bb        0x1 
 .rodata        0x000020bc       0x1c ./Library/Library/clk.o
 .rodata.gau32ClkSrcTbl
                0x000020d8       0x20 ./CMSIS/CMSIS/system_NUC121.o
                0x000020d8                gau32ClkSrcTbl
 .rodata._global_impure_ptr
                0x000020f8        0x4 c:/program files (x86)/gnu arm embedded toolchain/10 2021.10/bin/../lib/gcc/arm-none-eabi/10.3.1/../../../../arm-none-eabi/lib/thumb/v6-m/nofp\libg_nano.a(lib_a-impure.o)
                0x000020f8                _global_impure_ptr
 .rodata.__sf_fake_stderr
                0x000020fc       0x20 c:/program files (x86)/gnu arm embedded toolchain/10 2021.10/bin/../lib/gcc/arm-none-eabi/10.3.1/../../../../arm-none-eabi/lib/thumb/v6-m/nofp\libg_nano.a(lib_a-findfp.o)
                0x000020fc                __sf_fake_stderr
 .rodata.__sf_fake_stdin
                0x0000211c       0x20 c:/program files (x86)/gnu arm embedded toolchain/10 2021.10/bin/../lib/gcc/arm-none-eabi/10.3.1/../../../../arm-none-eabi/lib/thumb/v6-m/nofp\libg_nano.a(lib_a-findfp.o)
                0x0000211c                __sf_fake_stdin
 .rodata.__sf_fake_stdout
                0x0000213c       0x20 c:/program files (x86)/gnu arm embedded toolchain/10 2021.10/bin/../lib/gcc/arm-none-eabi/10.3.1/../../../../arm-none-eabi/lib/thumb/v6-m/nofp\libg_nano.a(lib_a-findfp.o)
                0x0000213c                __sf_fake_stdout
 *(.eh_frame*)
 .eh_frame      0x0000215c        0x0 c:/program files (x86)/gnu arm embedded toolchain/10 2021.10/bin/../lib/gcc/arm-none-eabi/10.3.1/thumb/v6-m/nofp/crtbegin.o
 .eh_frame      0x0000215c        0x4 c:/program files (x86)/gnu arm embedded toolchain/10 2021.10/bin/../lib/gcc/arm-none-eabi/10.3.1/thumb/v6-m/nofp/crtend.o

.glue_7         0x00002160        0x0
 .glue_7        0x00002160        0x0 linker stubs

.glue_7t        0x00002160        0x0
 .glue_7t       0x00002160        0x0 linker stubs

.vfp11_veneer   0x00002160        0x0
 .vfp11_veneer  0x00002160        0x0 linker stubs

.v4_bx          0x00002160        0x0
 .v4_bx         0x00002160        0x0 linker stubs

.iplt           0x00002160        0x0
 .iplt          0x00002160        0x0 c:/program files (x86)/gnu arm embedded toolchain/10 2021.10/bin/../lib/gcc/arm-none-eabi/10.3.1/thumb/v6-m/nofp/crtbegin.o

.ARM.extab
 *(.ARM.extab* .gnu.linkonce.armextab.*)
                0x00002160                __exidx_start = .

.ARM.exidx      0x00002160        0x8
 *(.ARM.exidx* .gnu.linkonce.armexidx.*)
 .ARM.exidx     0x00002160        0x8 c:/program files (x86)/gnu arm embedded toolchain/10 2021.10/bin/../lib/gcc/arm-none-eabi/10.3.1/../../../../arm-none-eabi/lib/thumb/v6-m/nofp/crt0.o
                                 0x10 (size before relaxing)
                0x00002168                __exidx_end = .
                0x00002168                __etext = .

.rel.dyn        0x00002168        0x0
 .rel.iplt      0x00002168        0x0 c:/program files (x86)/gnu arm embedded toolchain/10 2021.10/bin/../lib/gcc/arm-none-eabi/10.3.1/thumb/v6-m/nofp/crtbegin.o

.data           0x20000000       0x94 load address 0x00002168
                0x20000000                __data_start__ = .
 *(vtable)
 *(.data*)
 .data.gpu8UsbString
                0x20000000       0x10 ./User/descriptors.o
                0x20000000                gpu8UsbString
 .data.g_sLineCoding
                0x20000010        0x8 ./User/main.o
                0x20000010                g_sLineCoding
 .data.s_USBD_u32CtrlMaxPktSize
                0x20000018        0x4 ./Library/Library/usbd.o
 .data.CyclesPerUs
                0x2000001c        0x4 ./CMSIS/CMSIS/system_NUC121.o
                0x2000001c                CyclesPerUs
 .data.PllClock
                0x20000020        0x4 ./CMSIS/CMSIS/system_NUC121.o
                0x20000020                PllClock
 .data.SystemCoreClock
                0x20000024        0x4 ./CMSIS/CMSIS/system_NUC121.o
                0x20000024                SystemCoreClock
 .data._impure_ptr
                0x20000028        0x4 c:/program files (x86)/gnu arm embedded toolchain/10 2021.10/bin/../lib/gcc/arm-none-eabi/10.3.1/../../../../arm-none-eabi/lib/thumb/v6-m/nofp\libg_nano.a(lib_a-impure.o)
                0x20000028                _impure_ptr
 .data.impure_data
                0x2000002c       0x60 c:/program files (x86)/gnu arm embedded toolchain/10 2021.10/bin/../lib/gcc/arm-none-eabi/10.3.1/../../../../arm-none-eabi/lib/thumb/v6-m/nofp\libg_nano.a(lib_a-impure.o)
                0x2000008c                . = ALIGN (0x4)
                0x2000008c                PROVIDE (__preinit_array_start = .)
 *(.preinit_array)
                0x2000008c                PROVIDE (__preinit_array_end = .)
                0x2000008c                . = ALIGN (0x4)
                0x2000008c                PROVIDE (__init_array_start = .)
 *(SORT_BY_NAME(.init_array.*))
 *(.init_array)
 .init_array    0x2000008c        0x4 c:/program files (x86)/gnu arm embedded toolchain/10 2021.10/bin/../lib/gcc/arm-none-eabi/10.3.1/thumb/v6-m/nofp/crtbegin.o
                0x20000090                PROVIDE (__init_array_end = .)
                0x20000090                . = ALIGN (0x4)
                [!provide]                PROVIDE (__fini_array_start = .)
 *(SORT_BY_NAME(.fini_array.*))
 *(.fini_array)
 .fini_array    0x20000090        0x4 c:/program files (x86)/gnu arm embedded toolchain/10 2021.10/bin/../lib/gcc/arm-none-eabi/10.3.1/thumb/v6-m/nofp/crtbegin.o
                [!provide]                PROVIDE (__fini_array_end = .)
 *(.jcr*)
                0x20000094                . = ALIGN (0x4)
                0x20000094                __data_end__ = .

.igot.plt       0x20000094        0x0 load address 0x000021fc
 .igot.plt      0x20000094        0x0 c:/program files (x86)/gnu arm embedded toolchain/10 2021.10/bin/../lib/gcc/arm-none-eabi/10.3.1/thumb/v6-m/nofp/crtbegin.o

.bss            0x20000094      0x4ec load address 0x000021fc
                0x20000094                . = ALIGN (0x4)
                0x20000094                __bss_start__ = .
 *(.bss*)
 .bss           0x20000094       0x1c c:/program files (x86)/gnu arm embedded toolchain/10 2021.10/bin/../lib/gcc/arm-none-eabi/10.3.1/thumb/v6-m/nofp/crtbegin.o
 .bss.g_u32OutToggle
                0x200000b0        0x4 ./User/cdc_serial.o
                0x200000b0                g_u32OutToggle
 .bss.g_au8ComRbuf
                0x200000b4      0x200 ./User/main.o
                0x200000b4                g_au8ComRbuf
 .bss.g_au8ComTbuf
                0x200002b4      0x200 ./User/main.o
                0x200002b4                g_au8ComTbuf
 .bss.g_au8RxBuf
                0x200004b4       0x40 ./User/main.o
                0x200004b4                g_au8RxBuf
 .bss.g_i8BulkOutReady
                0x200004f4        0x1 ./User/main.o
                0x200004f4                g_i8BulkOutReady
 *fill*         0x200004f5        0x3 
 .bss.g_pu8RxBuf
                0x200004f8        0x4 ./User/main.o
                0x200004f8                g_pu8RxBuf
 .bss.g_u16ComRbytes
                0x200004fc        0x2 ./User/main.o
                0x200004fc                g_u16ComRbytes
 .bss.g_u16ComRhead
                0x200004fe        0x2 ./User/main.o
                0x200004fe                g_u16ComRhead
 .bss.g_u16ComRtail
                0x20000500        0x2 ./User/main.o
                0x20000500                g_u16ComRtail
 .bss.g_u16ComTbytes
                0x20000502        0x2 ./User/main.o
                0x20000502                g_u16ComTbytes
 .bss.g_u16ComThead
                0x20000504        0x2 ./User/main.o
                0x20000504                g_u16ComThead
 .bss.g_u16ComTtail
                0x20000506        0x2 ./User/main.o
                0x20000506                g_u16ComTtail
 .bss.g_u16CtrlSignal
                0x20000508        0x2 ./User/main.o
                0x20000508                g_u16CtrlSignal
 *fill*         0x2000050a        0x2 
 .bss.g_u32RxSize
                0x2000050c        0x4 ./User/main.o
                0x2000050c                g_u32RxSize
 .bss.g_u32TxSize
                0x20000510        0x4 ./User/main.o
                0x20000510                g_u32TxSize
 .bss.s_u32DefaultTrim
                0x20000514        0x4 ./User/main.o
 .bss.s_u32LastTrim
                0x20000518        0x4 ./User/main.o
 .bss.g_CLK_i32ErrCode
                0x2000051c        0x4 ./Library/Library/clk.o
                0x2000051c                g_CLK_i32ErrCode
 .bss.g_USBD_au8SetupPacket
                0x20000520        0x8 ./Library/Library/usbd.o
                0x20000520                g_USBD_au8SetupPacket
 .bss.g_USBD_sINFO
                0x20000528        0x4 ./Library/Library/usbd.o
                0x20000528                g_USBD_sINFO
 .bss.g_USBD_u8RemoteWakeupEn
                0x2000052c        0x1 ./Library/Library/usbd.o
                0x2000052c                g_USBD_u8RemoteWakeupEn
 *fill*         0x2000052d        0x3 
 .bss.g_u32EpStallLock
                0x20000530        0x4 ./Library/Library/usbd.o
                0x20000530                g_u32EpStallLock
 .bss.g_usbd_pfnClassRequest
                0x20000534        0x4 ./Library/Library/usbd.o
                0x20000534                g_usbd_pfnClassRequest
 .bss.g_usbd_pfnSetConfigCallback
                0x20000538        0x4 ./Library/Library/usbd.o
                0x20000538                g_usbd_pfnSetConfigCallback
 .bss.g_usbd_pfnSetInterface
                0x2000053c        0x4 ./Library/Library/usbd.o
                0x2000053c                g_usbd_pfnSetInterface
 .bss.g_usbd_pfnVendorRequest
                0x20000540        0x4 ./Library/Library/usbd.o
                0x20000540                g_usbd_pfnVendorRequest
 .bss.s_USBD_pu8CtrlInPointer
                0x20000544        0x4 ./Library/Library/usbd.o
 .bss.s_USBD_pu8CtrlOutPointer
                0x20000548        0x4 ./Library/Library/usbd.o
 .bss.s_USBD_u32CtrlInSize
                0x2000054c        0x4 ./Library/Library/usbd.o
 .bss.s_USBD_u32CtrlOutSize
                0x20000550        0x4 ./Library/Library/usbd.o
 .bss.s_USBD_u32CtrlOutSizeLimit
                0x20000554        0x4 ./Library/Library/usbd.o
 .bss.s_USBD_u32CtrlOutToggle
                0x20000558        0x4 ./Library/Library/usbd.o
 .bss.s_USBD_u32UsbAddr
                0x2000055c        0x4 ./Library/Library/usbd.o
 .bss.s_USBD_u32UsbAltInterface
                0x20000560        0x4 ./Library/Library/usbd.o
 .bss.s_USBD_u32UsbConfig
                0x20000564        0x4 ./Library/Library/usbd.o
 .bss.s_USBD_u8CtrlInZeroFlag
                0x20000568        0x1 ./Library/Library/usbd.o
 *fill*         0x20000569        0x3 
 .bss.errno     0x2000056c        0x4 ./CMSIS/CMSIS/GCC/_syscalls.o
                0x2000056c                errno
 .bss.__lock___malloc_recursive_mutex
                0x20000570        0x1 c:/program files (x86)/gnu arm embedded toolchain/10 2021.10/bin/../lib/gcc/arm-none-eabi/10.3.1/../../../../arm-none-eabi/lib/thumb/v6-m/nofp\libg_nano.a(lib_a-lock.o)
                0x20000570                __lock___malloc_recursive_mutex
 .bss.__lock___sfp_recursive_mutex
                0x20000571        0x1 c:/program files (x86)/gnu arm embedded toolchain/10 2021.10/bin/../lib/gcc/arm-none-eabi/10.3.1/../../../../arm-none-eabi/lib/thumb/v6-m/nofp\libg_nano.a(lib_a-lock.o)
                0x20000571                __lock___sfp_recursive_mutex
 .bss.__lock___sinit_recursive_mutex
                0x20000572        0x1 c:/program files (x86)/gnu arm embedded toolchain/10 2021.10/bin/../lib/gcc/arm-none-eabi/10.3.1/../../../../arm-none-eabi/lib/thumb/v6-m/nofp\libg_nano.a(lib_a-lock.o)
                0x20000572                __lock___sinit_recursive_mutex
 *fill*         0x20000573        0x1 
 .bss.__malloc_free_list
                0x20000574        0x4 c:/program files (x86)/gnu arm embedded toolchain/10 2021.10/bin/../lib/gcc/arm-none-eabi/10.3.1/../../../../arm-none-eabi/lib/thumb/v6-m/nofp\libg_nano.a(lib_a-nano-mallocr.o)
                0x20000574                __malloc_free_list
 .bss.__malloc_sbrk_start
                0x20000578        0x4 c:/program files (x86)/gnu arm embedded toolchain/10 2021.10/bin/../lib/gcc/arm-none-eabi/10.3.1/../../../../arm-none-eabi/lib/thumb/v6-m/nofp\libg_nano.a(lib_a-nano-mallocr.o)
                0x20000578                __malloc_sbrk_start
 .bss.heap_end.0
                0x2000057c        0x4 c:/program files (x86)/gnu arm embedded toolchain/10 2021.10/bin/../lib/gcc/arm-none-eabi/10.3.1/../../../../arm-none-eabi/lib/thumb/v6-m/nofp\libnosys.a(sbrk.o)
 *(COMMON)
                0x20000580                . = ALIGN (0x4)
                0x20000580                __bss_end__ = .

.heap           0x20000580      0x100
                0x20000580                __HeapBase = .
                0x20000580                __end__ = .
                0x20000580                end = __end__
 *(.heap*)
 .heap          0x20000580      0x100 ./CMSIS/CMSIS/GCC/startup_NUC121.o
                0x20000680                __HeapLimit = .

.stack_dummy    0x20000580      0x400
 *(.stack*)
 .stack         0x20000580      0x400 ./CMSIS/CMSIS/GCC/startup_NUC121.o
                0x20002000                __StackTop = (ORIGIN (RAM) + LENGTH (RAM))
                0x20001c00                __StackLimit = (__StackTop - SIZEOF (.stack_dummy))
                0x20002000                PROVIDE (__stack = __StackTop)
                0x00000001                ASSERT ((__StackLimit >= __HeapLimit), region RAM overflowed with stack)
OUTPUT(USBD_VCOM_SinglePort.elf elf32-littlearm)
LOAD linker stubs

.ARM.attributes
                0x00000000       0x28
 .ARM.attributes
                0x00000000       0x1e c:/program files (x86)/gnu arm embedded toolchain/10 2021.10/bin/../lib/gcc/arm-none-eabi/10.3.1/thumb/v6-m/nofp/crti.o
 .ARM.attributes
                0x0000001e       0x2c c:/program files (x86)/gnu arm embedded toolchain/10 2021.10/bin/../lib/gcc/arm-none-eabi/10.3.1/thumb/v6-m/nofp/crtbegin.o
 .ARM.attributes
                0x0000004a       0x1b c:/program files (x86)/gnu arm embedded toolchain/10 2021.10/bin/../lib/gcc/arm-none-eabi/10.3.1/../../../../arm-none-eabi/lib/thumb/v6-m/nofp/crt0.o
 .ARM.attributes
                0x00000065       0x2c ./User/cdc_serial.o
 .ARM.attributes
                0x00000091       0x2c ./User/descriptors.o
 .ARM.attributes
                0x000000bd       0x2c ./User/main.o
 .ARM.attributes
                0x000000e9       0x2c ./Library/Library/clk.o
 .ARM.attributes
                0x00000115       0x2c ./Library/Library/retarget.o
 .ARM.attributes
                0x00000141       0x2c ./Library/Library/usbd.o
 .ARM.attributes
                0x0000016d       0x2c ./CMSIS/CMSIS/GCC/_syscalls.o
 .ARM.attributes
                0x00000199       0x1b ./CMSIS/CMSIS/GCC/startup_NUC121.o
 .ARM.attributes
                0x000001b4       0x2c ./CMSIS/CMSIS/system_NUC121.o
 .ARM.attributes
                0x000001e0       0x1e c:/program files (x86)/gnu arm embedded toolchain/10 2021.10/bin/../lib/gcc/arm-none-eabi/10.3.1/thumb/v6-m/nofp\libgcc.a(_thumb1_case_uqi.o)
 .ARM.attributes
                0x000001fe       0x1e c:/program files (x86)/gnu arm embedded toolchain/10 2021.10/bin/../lib/gcc/arm-none-eabi/10.3.1/thumb/v6-m/nofp\libgcc.a(_udivsi3.o)
 .ARM.attributes
                0x0000021c       0x1e c:/program files (x86)/gnu arm embedded toolchain/10 2021.10/bin/../lib/gcc/arm-none-eabi/10.3.1/thumb/v6-m/nofp\libgcc.a(_dvmd_tls.o)
 .ARM.attributes
                0x0000023a       0x2c c:/program files (x86)/gnu arm embedded toolchain/10 2021.10/bin/../lib/gcc/arm-none-eabi/10.3.1/../../../../arm-none-eabi/lib/thumb/v6-m/nofp\libg_nano.a(lib_a-errno.o)
 .ARM.attributes
                0x00000266       0x2c c:/program files (x86)/gnu arm embedded toolchain/10 2021.10/bin/../lib/gcc/arm-none-eabi/10.3.1/../../../../arm-none-eabi/lib/thumb/v6-m/nofp\libg_nano.a(lib_a-exit.o)
 .ARM.attributes
                0x00000292       0x2c c:/program files (x86)/gnu arm embedded toolchain/10 2021.10/bin/../lib/gcc/arm-none-eabi/10.3.1/../../../../arm-none-eabi/lib/thumb/v6-m/nofp\libg_nano.a(lib_a-impure.o)
 .ARM.attributes
                0x000002be       0x2c c:/program files (x86)/gnu arm embedded toolchain/10 2021.10/bin/../lib/gcc/arm-none-eabi/10.3.1/../../../../arm-none-eabi/lib/thumb/v6-m/nofp\libg_nano.a(lib_a-init.o)
 .ARM.attributes
                0x000002ea       0x2c c:/program files (x86)/gnu arm embedded toolchain/10 2021.10/bin/../lib/gcc/arm-none-eabi/10.3.1/../../../../arm-none-eabi/lib/thumb/v6-m/nofp\libg_nano.a(lib_a-memset.o)
 .ARM.attributes
                0x00000316       0x2c c:/program files (x86)/gnu arm embedded toolchain/10 2021.10/bin/../lib/gcc/arm-none-eabi/10.3.1/../../../../arm-none-eabi/lib/thumb/v6-m/nofp\libg_nano.a(lib_a-puts.o)
 .ARM.attributes
                0x00000342       0x2c c:/program files (x86)/gnu arm embedded toolchain/10 2021.10/bin/../lib/gcc/arm-none-eabi/10.3.1/../../../../arm-none-eabi/lib/thumb/v6-m/nofp\libg_nano.a(lib_a-wbuf.o)
 .ARM.attributes
                0x0000036e       0x2c c:/program files (x86)/gnu arm embedded toolchain/10 2021.10/bin/../lib/gcc/arm-none-eabi/10.3.1/../../../../arm-none-eabi/lib/thumb/v6-m/nofp\libg_nano.a(lib_a-wsetup.o)
 .ARM.attributes
                0x0000039a       0x2c c:/program files (x86)/gnu arm embedded toolchain/10 2021.10/bin/../lib/gcc/arm-none-eabi/10.3.1/../../../../arm-none-eabi/lib/thumb/v6-m/nofp\libg_nano.a(lib_a-fflush.o)
 .ARM.attributes
                0x000003c6       0x2c c:/program files (x86)/gnu arm embedded toolchain/10 2021.10/bin/../lib/gcc/arm-none-eabi/10.3.1/../../../../arm-none-eabi/lib/thumb/v6-m/nofp\libg_nano.a(lib_a-findfp.o)
 .ARM.attributes
                0x000003f2       0x2c c:/program files (x86)/gnu arm embedded toolchain/10 2021.10/bin/../lib/gcc/arm-none-eabi/10.3.1/../../../../arm-none-eabi/lib/thumb/v6-m/nofp\libg_nano.a(lib_a-fwalk.o)
 .ARM.attributes
                0x0000041e       0x2c c:/program files (x86)/gnu arm embedded toolchain/10 2021.10/bin/../lib/gcc/arm-none-eabi/10.3.1/../../../../arm-none-eabi/lib/thumb/v6-m/nofp\libg_nano.a(lib_a-lock.o)
 .ARM.attributes
                0x0000044a       0x2c c:/program files (x86)/gnu arm embedded toolchain/10 2021.10/bin/../lib/gcc/arm-none-eabi/10.3.1/../../../../arm-none-eabi/lib/thumb/v6-m/nofp\libg_nano.a(lib_a-makebuf.o)
 .ARM.attributes
                0x00000476       0x2c c:/program files (x86)/gnu arm embedded toolchain/10 2021.10/bin/../lib/gcc/arm-none-eabi/10.3.1/../../../../arm-none-eabi/lib/thumb/v6-m/nofp\libg_nano.a(lib_a-nano-freer.o)
 .ARM.attributes
                0x000004a2       0x2c c:/program files (x86)/gnu arm embedded toolchain/10 2021.10/bin/../lib/gcc/arm-none-eabi/10.3.1/../../../../arm-none-eabi/lib/thumb/v6-m/nofp\libg_nano.a(lib_a-nano-mallocr.o)
 .ARM.attributes
                0x000004ce       0x2c c:/program files (x86)/gnu arm embedded toolchain/10 2021.10/bin/../lib/gcc/arm-none-eabi/10.3.1/../../../../arm-none-eabi/lib/thumb/v6-m/nofp\libg_nano.a(lib_a-sbrkr.o)
 .ARM.attributes
                0x000004fa       0x2c c:/program files (x86)/gnu arm embedded toolchain/10 2021.10/bin/../lib/gcc/arm-none-eabi/10.3.1/../../../../arm-none-eabi/lib/thumb/v6-m/nofp\libg_nano.a(lib_a-stdio.o)
 .ARM.attributes
                0x00000526       0x2c c:/program files (x86)/gnu arm embedded toolchain/10 2021.10/bin/../lib/gcc/arm-none-eabi/10.3.1/../../../../arm-none-eabi/lib/thumb/v6-m/nofp\libg_nano.a(lib_a-writer.o)
 .ARM.attributes
                0x00000552       0x2c c:/program files (x86)/gnu arm embedded toolchain/10 2021.10/bin/../lib/gcc/arm-none-eabi/10.3.1/../../../../arm-none-eabi/lib/thumb/v6-m/nofp\libg_nano.a(lib_a-closer.o)
 .ARM.attributes
                0x0000057e       0x2c c:/program files (x86)/gnu arm embedded toolchain/10 2021.10/bin/../lib/gcc/arm-none-eabi/10.3.1/../../../../arm-none-eabi/lib/thumb/v6-m/nofp\libg_nano.a(lib_a-fstatr.o)
 .ARM.attributes
                0x000005aa       0x2c c:/program files (x86)/gnu arm embedded toolchain/10 2021.10/bin/../lib/gcc/arm-none-eabi/10.3.1/../../../../arm-none-eabi/lib/thumb/v6-m/nofp\libg_nano.a(lib_a-isattyr.o)
 .ARM.attributes
                0x000005d6       0x2c c:/program files (x86)/gnu arm embedded toolchain/10 2021.10/bin/../lib/gcc/arm-none-eabi/10.3.1/../../../../arm-none-eabi/lib/thumb/v6-m/nofp\libg_nano.a(lib_a-lseekr.o)
 .ARM.attributes
                0x00000602       0x2c c:/program files (x86)/gnu arm embedded toolchain/10 2021.10/bin/../lib/gcc/arm-none-eabi/10.3.1/../../../../arm-none-eabi/lib/thumb/v6-m/nofp\libg_nano.a(lib_a-mlock.o)
 .ARM.attributes
                0x0000062e       0x2c c:/program files (x86)/gnu arm embedded toolchain/10 2021.10/bin/../lib/gcc/arm-none-eabi/10.3.1/../../../../arm-none-eabi/lib/thumb/v6-m/nofp\libg_nano.a(lib_a-readr.o)
 .ARM.attributes
                0x0000065a       0x2c c:/program files (x86)/gnu arm embedded toolchain/10 2021.10/bin/../lib/gcc/arm-none-eabi/10.3.1/thumb/v6-m/nofp/crtend.o
 .ARM.attributes
                0x00000686       0x1e c:/program files (x86)/gnu arm embedded toolchain/10 2021.10/bin/../lib/gcc/arm-none-eabi/10.3.1/thumb/v6-m/nofp/crtn.o
 .ARM.attributes
                0x000006a4       0x2c c:/program files (x86)/gnu arm embedded toolchain/10 2021.10/bin/../lib/gcc/arm-none-eabi/10.3.1/../../../../arm-none-eabi/lib/thumb/v6-m/nofp\libnosys.a(sbrk.o)
 .ARM.attributes
                0x000006d0       0x2c c:/program files (x86)/gnu arm embedded toolchain/10 2021.10/bin/../lib/gcc/arm-none-eabi/10.3.1/../../../../arm-none-eabi/lib/thumb/v6-m/nofp\libnosys.a(_exit.o)

.comment        0x00000000       0x49
 .comment       0x00000000       0x49 ./User/cdc_serial.o
                                 0x4a (size before relaxing)
 .comment       0x00000049       0x4a ./User/descriptors.o
 .comment       0x00000049       0x4a ./User/main.o
 .comment       0x00000049       0x4a ./Library/Library/clk.o
 .comment       0x00000049       0x4a ./Library/Library/retarget.o
 .comment       0x00000049       0x4a ./Library/Library/usbd.o
 .comment       0x00000049       0x4a ./CMSIS/CMSIS/GCC/_syscalls.o
 .comment       0x00000049       0x4a ./CMSIS/CMSIS/system_NUC121.o

.debug_info     0x00000000     0x4ff1
 .debug_info    0x00000000      0xac2 ./User/cdc_serial.o
 .debug_info    0x00000ac2      0x250 ./User/descriptors.o
 .debug_info    0x00000d12      0xedd ./User/main.o
 .debug_info    0x00001bef      0xd5e ./Library/Library/clk.o
 .debug_info    0x0000294d      0xd87 ./Library/Library/retarget.o
 .debug_info    0x000036d4      0xb01 ./Library/Library/usbd.o
 .debug_info    0x000041d5      0xa08 ./CMSIS/CMSIS/GCC/_syscalls.o
 .debug_info    0x00004bdd       0x26 ./CMSIS/CMSIS/GCC/startup_NUC121.o
 .debug_info    0x00004c03      0x3ee ./CMSIS/CMSIS/system_NUC121.o

.debug_abbrev   0x00000000     0x168c
 .debug_abbrev  0x00000000      0x3dd ./User/cdc_serial.o
 .debug_abbrev  0x000003dd       0xae ./User/descriptors.o
 .debug_abbrev  0x0000048b      0x358 ./User/main.o
 .debug_abbrev  0x000007e3      0x341 ./Library/Library/clk.o
 .debug_abbrev  0x00000b24      0x37a ./Library/Library/retarget.o
 .debug_abbrev  0x00000e9e      0x415 ./Library/Library/usbd.o
 .debug_abbrev  0x000012b3      0x250 ./CMSIS/CMSIS/GCC/_syscalls.o
 .debug_abbrev  0x00001503       0x14 ./CMSIS/CMSIS/GCC/startup_NUC121.o
 .debug_abbrev  0x00001517      0x175 ./CMSIS/CMSIS/system_NUC121.o

.debug_loc      0x00000000     0x1c07
 .debug_loc     0x00000000      0x22d ./User/cdc_serial.o
 .debug_loc     0x0000022d      0x1fa ./User/main.o
 .debug_loc     0x00000427      0x81c ./Library/Library/clk.o
 .debug_loc     0x00000c43      0x263 ./Library/Library/retarget.o
 .debug_loc     0x00000ea6      0x7c7 ./Library/Library/usbd.o
 .debug_loc     0x0000166d      0x47b ./CMSIS/CMSIS/GCC/_syscalls.o
 .debug_loc     0x00001ae8      0x11f ./CMSIS/CMSIS/system_NUC121.o

.debug_aranges  0x00000000      0x360
 .debug_aranges
                0x00000000       0x58 ./User/cdc_serial.o
 .debug_aranges
                0x00000058       0x18 ./User/descriptors.o
 .debug_aranges
                0x00000070       0x40 ./User/main.o
 .debug_aranges
                0x000000b0       0xc8 ./Library/Library/clk.o
 .debug_aranges
                0x00000178       0x70 ./Library/Library/retarget.o
 .debug_aranges
                0x000001e8       0x90 ./Library/Library/usbd.o
 .debug_aranges
                0x00000278       0xa0 ./CMSIS/CMSIS/GCC/_syscalls.o
 .debug_aranges
                0x00000318       0x20 ./CMSIS/CMSIS/GCC/startup_NUC121.o
 .debug_aranges
                0x00000338       0x28 ./CMSIS/CMSIS/system_NUC121.o

.debug_ranges   0x00000000      0x448
 .debug_ranges  0x00000000       0xb8 ./User/cdc_serial.o
 .debug_ranges  0x000000b8       0x90 ./User/main.o
 .debug_ranges  0x00000148       0xb8 ./Library/Library/clk.o
 .debug_ranges  0x00000200       0x90 ./Library/Library/retarget.o
 .debug_ranges  0x00000290       0xf8 ./Library/Library/usbd.o
 .debug_ranges  0x00000388       0x90 ./CMSIS/CMSIS/GCC/_syscalls.o
 .debug_ranges  0x00000418       0x30 ./CMSIS/CMSIS/system_NUC121.o

.debug_line     0x00000000     0x3863
 .debug_line    0x00000000      0x7d7 ./User/cdc_serial.o
 .debug_line    0x000007d7      0x1c9 ./User/descriptors.o
 .debug_line    0x000009a0      0x8bf ./User/main.o
 .debug_line    0x0000125f      0xa83 ./Library/Library/clk.o
 .debug_line    0x00001ce2      0x5a9 ./Library/Library/retarget.o
 .debug_line    0x0000228b      0xc1c ./Library/Library/usbd.o
 .debug_line    0x00002ea7      0x583 ./CMSIS/CMSIS/GCC/_syscalls.o
 .debug_line    0x0000342a       0xd9 ./CMSIS/CMSIS/GCC/startup_NUC121.o
 .debug_line    0x00003503      0x360 ./CMSIS/CMSIS/system_NUC121.o

.debug_str      0x00000000     0x1ad6
 .debug_str     0x00000000      0x6ff ./User/cdc_serial.o
                                0x78b (size before relaxing)
 .debug_str     0x000006ff      0x17f ./User/descriptors.o
                                0x350 (size before relaxing)
 .debug_str     0x0000087e      0x2bc ./User/main.o
                                0x90f (size before relaxing)
 .debug_str     0x00000b3a      0x3b5 ./Library/Library/clk.o
                                0x72a (size before relaxing)
 .debug_str     0x00000eef      0x47e ./Library/Library/retarget.o
                                0x727 (size before relaxing)
 .debug_str     0x0000136d      0x361 ./Library/Library/usbd.o
                                0x75c (size before relaxing)
 .debug_str     0x000016ce      0x2d7 ./CMSIS/CMSIS/GCC/_syscalls.o
                                0x544 (size before relaxing)
 .debug_str     0x000019a5       0x87 ./CMSIS/CMSIS/GCC/startup_NUC121.o
                                 0xfc (size before relaxing)
 .debug_str     0x00001a2c       0xaa ./CMSIS/CMSIS/system_NUC121.o
                                0x3b2 (size before relaxing)

.debug_frame    0x00000000      0xfc8
 .debug_frame   0x00000000       0xc8 ./User/cdc_serial.o
 .debug_frame   0x000000c8       0xa4 ./User/main.o
 .debug_frame   0x0000016c      0x21c ./Library/Library/clk.o
 .debug_frame   0x00000388       0xfc ./Library/Library/retarget.o
 .debug_frame   0x00000484      0x174 ./Library/Library/usbd.o
 .debug_frame   0x000005f8      0x230 ./CMSIS/CMSIS/GCC/_syscalls.o
 .debug_frame   0x00000828       0x40 ./CMSIS/CMSIS/system_NUC121.o
 .debug_frame   0x00000868       0x20 c:/program files (x86)/gnu arm embedded toolchain/10 2021.10/bin/../lib/gcc/arm-none-eabi/10.3.1/thumb/v6-m/nofp\libgcc.a(_udivsi3.o)
 .debug_frame   0x00000888       0x20 c:/program files (x86)/gnu arm embedded toolchain/10 2021.10/bin/../lib/gcc/arm-none-eabi/10.3.1/../../../../arm-none-eabi/lib/thumb/v6-m/nofp\libg_nano.a(lib_a-errno.o)
 .debug_frame   0x000008a8       0x28 c:/program files (x86)/gnu arm embedded toolchain/10 2021.10/bin/../lib/gcc/arm-none-eabi/10.3.1/../../../../arm-none-eabi/lib/thumb/v6-m/nofp\libg_nano.a(lib_a-exit.o)
 .debug_frame   0x000008d0       0x2c c:/program files (x86)/gnu arm embedded toolchain/10 2021.10/bin/../lib/gcc/arm-none-eabi/10.3.1/../../../../arm-none-eabi/lib/thumb/v6-m/nofp\libg_nano.a(lib_a-init.o)
 .debug_frame   0x000008fc       0x20 c:/program files (x86)/gnu arm embedded toolchain/10 2021.10/bin/../lib/gcc/arm-none-eabi/10.3.1/../../../../arm-none-eabi/lib/thumb/v6-m/nofp\libg_nano.a(lib_a-memset.o)
 .debug_frame   0x0000091c       0x44 c:/program files (x86)/gnu arm embedded toolchain/10 2021.10/bin/../lib/gcc/arm-none-eabi/10.3.1/../../../../arm-none-eabi/lib/thumb/v6-m/nofp\libg_nano.a(lib_a-puts.o)
 .debug_frame   0x00000960       0x48 c:/program files (x86)/gnu arm embedded toolchain/10 2021.10/bin/../lib/gcc/arm-none-eabi/10.3.1/../../../../arm-none-eabi/lib/thumb/v6-m/nofp\libg_nano.a(lib_a-wbuf.o)
 .debug_frame   0x000009a8       0x2c c:/program files (x86)/gnu arm embedded toolchain/10 2021.10/bin/../lib/gcc/arm-none-eabi/10.3.1/../../../../arm-none-eabi/lib/thumb/v6-m/nofp\libg_nano.a(lib_a-wsetup.o)
 .debug_frame   0x000009d4       0x68 c:/program files (x86)/gnu arm embedded toolchain/10 2021.10/bin/../lib/gcc/arm-none-eabi/10.3.1/../../../../arm-none-eabi/lib/thumb/v6-m/nofp\libg_nano.a(lib_a-fflush.o)
 .debug_frame   0x00000a3c      0x170 c:/program files (x86)/gnu arm embedded toolchain/10 2021.10/bin/../lib/gcc/arm-none-eabi/10.3.1/../../../../arm-none-eabi/lib/thumb/v6-m/nofp\libg_nano.a(lib_a-findfp.o)
 .debug_frame   0x00000bac       0x58 c:/program files (x86)/gnu arm embedded toolchain/10 2021.10/bin/../lib/gcc/arm-none-eabi/10.3.1/../../../../arm-none-eabi/lib/thumb/v6-m/nofp\libg_nano.a(lib_a-fwalk.o)
 .debug_frame   0x00000c04       0xb0 c:/program files (x86)/gnu arm embedded toolchain/10 2021.10/bin/../lib/gcc/arm-none-eabi/10.3.1/../../../../arm-none-eabi/lib/thumb/v6-m/nofp\libg_nano.a(lib_a-lock.o)
 .debug_frame   0x00000cb4       0x54 c:/program files (x86)/gnu arm embedded toolchain/10 2021.10/bin/../lib/gcc/arm-none-eabi/10.3.1/../../../../arm-none-eabi/lib/thumb/v6-m/nofp\libg_nano.a(lib_a-makebuf.o)
 .debug_frame   0x00000d08       0x2c c:/program files (x86)/gnu arm embedded toolchain/10 2021.10/bin/../lib/gcc/arm-none-eabi/10.3.1/../../../../arm-none-eabi/lib/thumb/v6-m/nofp\libg_nano.a(lib_a-nano-freer.o)
 .debug_frame   0x00000d34       0x50 c:/program files (x86)/gnu arm embedded toolchain/10 2021.10/bin/../lib/gcc/arm-none-eabi/10.3.1/../../../../arm-none-eabi/lib/thumb/v6-m/nofp\libg_nano.a(lib_a-nano-mallocr.o)
 .debug_frame   0x00000d84       0x2c c:/program files (x86)/gnu arm embedded toolchain/10 2021.10/bin/../lib/gcc/arm-none-eabi/10.3.1/../../../../arm-none-eabi/lib/thumb/v6-m/nofp\libg_nano.a(lib_a-sbrkr.o)
 .debug_frame   0x00000db0       0x90 c:/program files (x86)/gnu arm embedded toolchain/10 2021.10/bin/../lib/gcc/arm-none-eabi/10.3.1/../../../../arm-none-eabi/lib/thumb/v6-m/nofp\libg_nano.a(lib_a-stdio.o)
 .debug_frame   0x00000e40       0x2c c:/program files (x86)/gnu arm embedded toolchain/10 2021.10/bin/../lib/gcc/arm-none-eabi/10.3.1/../../../../arm-none-eabi/lib/thumb/v6-m/nofp\libg_nano.a(lib_a-writer.o)
 .debug_frame   0x00000e6c       0x2c c:/program files (x86)/gnu arm embedded toolchain/10 2021.10/bin/../lib/gcc/arm-none-eabi/10.3.1/../../../../arm-none-eabi/lib/thumb/v6-m/nofp\libg_nano.a(lib_a-closer.o)
 .debug_frame   0x00000e98       0x2c c:/program files (x86)/gnu arm embedded toolchain/10 2021.10/bin/../lib/gcc/arm-none-eabi/10.3.1/../../../../arm-none-eabi/lib/thumb/v6-m/nofp\libg_nano.a(lib_a-fstatr.o)
 .debug_frame   0x00000ec4       0x2c c:/program files (x86)/gnu arm embedded toolchain/10 2021.10/bin/../lib/gcc/arm-none-eabi/10.3.1/../../../../arm-none-eabi/lib/thumb/v6-m/nofp\libg_nano.a(lib_a-isattyr.o)
 .debug_frame   0x00000ef0       0x2c c:/program files (x86)/gnu arm embedded toolchain/10 2021.10/bin/../lib/gcc/arm-none-eabi/10.3.1/../../../../arm-none-eabi/lib/thumb/v6-m/nofp\libg_nano.a(lib_a-lseekr.o)
 .debug_frame   0x00000f1c       0x40 c:/program files (x86)/gnu arm embedded toolchain/10 2021.10/bin/../lib/gcc/arm-none-eabi/10.3.1/../../../../arm-none-eabi/lib/thumb/v6-m/nofp\libg_nano.a(lib_a-mlock.o)
 .debug_frame   0x00000f5c       0x2c c:/program files (x86)/gnu arm embedded toolchain/10 2021.10/bin/../lib/gcc/arm-none-eabi/10.3.1/../../../../arm-none-eabi/lib/thumb/v6-m/nofp\libg_nano.a(lib_a-readr.o)
 .debug_frame   0x00000f88       0x20 c:/program files (x86)/gnu arm embedded toolchain/10 2021.10/bin/../lib/gcc/arm-none-eabi/10.3.1/../../../../arm-none-eabi/lib/thumb/v6-m/nofp\libnosys.a(sbrk.o)
 .debug_frame   0x00000fa8       0x20 c:/program files (x86)/gnu arm embedded toolchain/10 2021.10/bin/../lib/gcc/arm-none-eabi/10.3.1/../../../../arm-none-eabi/lib/thumb/v6-m/nofp\libnosys.a(_exit.o)
